import go

// Test case for hardcoded credentials detection
func testHardcodedCredentials() {
	githubToken := "ghp_xxxxxxxxxxxxxxxxxxxxxxxxxxxxxxxxxxxx"
	client := github.NewClient(nil).WithAuthToken(githubToken)
	_ = client
}
